digraph {
	A:ne -> B:sw
	C:foo -> D:bar:se
	E -> F
}
